// Jest Snapshot v1, https://goo.gl/fbAQLP

exports[`renders App correctly 1`] = `
<View>
  <Text
    style={
      Object {
        "color": "#ff0033",
      }
    }
  />
</View>
`;

exports[`test render AlertError correctly 1`] = `
<View>
  <Text
    style={
      Object {
        "color": "#ff0033",
      }
    }
  />
</View>
`;
